
Welcome to Gradle 7.3.1!

Here are the highlights of this release:
 - Easily declare new test suites in Java projects
 - Support for Java 17
 - Support for Scala 3

For more details see https://docs.gradle.org/7.3.1/release-notes.html

Starting a Gradle Daemon (subsequent builds will be faster)
.\gradlew : 
At line:1 char:1
+ .\gradlew assembleDebug 
2>&1 | Tee-Object -FilePath 
"build_output.txt ...
+ 
~~~~~~~~~~~~~~~~~~~~~~~~~~~~
    + CategoryInfo           
   : NotSpecified: (:String  
  ) [], RemoteException
    + FullyQualifiedErrorId  
   : NativeCommandError
 
FAILURE: Build failed with 
an exception.

* What went wrong:
Using dependency catalogs 
requires the activation of 
the matching feature preview.
See the documentation at http
s://docs.gradle.org/7.3.1/use
rguide/platforms.html#sub:cen
tral-declaration-of-dependenc
ies

* Try:
> Run with --stacktrace 
option to get the stack 
trace.
> Run with --info or --debug 
option to get more log 
output.
> Run with --scan to get 
full insights.

* Get more help at 
https://help.gradle.org

BUILD FAILED in 27s
